




DueFlashStorage: basic flash read/write API usage example Z:\lib\tooling\qiqqa\MuPDF\thirdparty\owemdjee\DueFlashStorage\examples\DueFlashStorageExample\DueFlashStorageExample.ino


  flash [0] level 0: Must disable interrupts when writing to flash; this is done automatically.
  flash [1] level 0: Must disable interrupts when writing to flash; this is done automatically.
  flash [2] level 1: Flash write sans erase failed; retrying with erase.
0:1 1:100 2:100
  flash [0] level 0: Must disable interrupts when writing to flash; this is done automatically.
  flash [1] level 1: Flash sector already contains matching data: skipping write operation.
-----------------------------------------
0:1 1:100 2:100
  flash [0] level 0: Must disable interrupts when writing to flash; this is done automatically.
  flash [1] level 1: Flash write sans erase failed; retrying with erase.
-----------------------------------------
0:1 1:100 2:101
  flash [0] level 0: Must disable interrupts when writing to flash; this is done automatically.
  flash [1] level 1: Flash sector already contains matching data: skipping write operation.
-----------------------------------------
0:1 1:100 2:101
  flash [0] level 0: Must disable interrupts when writing to flash; this is done automatically.
  flash [1] level 1: Flash write sans erase failed; retrying with erase.
-----------------------------------------
0:1 1:100 2:102
  flash [0] level 0: Must disable interrupts when writing to flash; this is done automatically.
  flash [1] level 1: Flash sector already contains matching data: skipping write operation.
Halting... (press RESET button to observe the last written CFG being kept intact in flash storage)






DueFlashStorage: basic flash read/write API usage example Z:\lib\tooling\qiqqa\MuPDF\thirdparty\owemdjee\DueFlashStorage\examples\DueFlashStorageExample\DueFlashStorageExample.ino


  flash [0] level 0: Must disable interrupts when writing to flash; this is done automatically.
  flash [1] level 1: Flash write sans erase failed; retrying with erase.
0:2 1:100 2:102
  flash [0] level 0: Must disable interrupts when writing to flash; this is done automatically.
  flash [1] level 1: Flash sector already contains matching data: skipping write operation.
-----------------------------------------
0:2 1:100 2:102
  flash [0] level 0: Must disable interrupts when writing to flash; this is done automatically.
  flash [1] level 1: Flash write sans erase failed; retrying with erase.
-----------------------------------------
0:2 1:100 2:103
  flash [0] level 0: Must disable interrupts when writing to flash; this is done automatically.
  flash [1] level 1: Flash sector already contains matching data: skipping write operation.
-----------------------------------------
0:2 1:100 2:103
  flash [0] level 0: Must disable interrupts when writing to flash; this is done automatically.
  flash [1] level 1: Flash write sans erase failed; retrying with erase.
-----------------------------------------
0:2 1:100 2:104
  flash [0] level 0: Must disable interrupts when writing to flash; this is done automatically.
  flash [1] level 1: Flash sector already contains matching data: skipping write operation.
Halting... (press RESET button to observe the last written CFG being kept intact in flash storage)






DueFlashStorage: basic flash read/write API usage example Z:\lib\tooling\qiqqa\MuPDF\thirdparty\owemdjee\DueFlashStorage\examples\DueFlashStorageExample\DueFlashStorageExample.ino


  flash [0] level 0: Must disable interrupts when writing to flash; this is done automatically.
  flash [1] level 1: Flash write sans erase failed; retrying with erase.
0:3 1:100 2:104
  flash [0] level 0: Must disable interrupts when writing to flash; this is done automatically.
  flash [1] level 1: Flash sector already contains matching data: skipping write operation.
-----------------------------------------
0:3 1:100 2:104
  flash [0] level 0: Must disable interrupts when writing to flash; this is done automatically.
  flash [1] level 1: Flash write sans erase failed; retrying with erase.
-----------------------------------------
0:3 1:100 2:105
  flash [0] level 0: Must disable interrupts when writing to flash; this is done automatically.
  flash [1] level 1: Flash sector already contains matching data: skipping write operation.
-----------------------------------------
0:3 1:100 2:105
  flash [0] level 0: Must disable interrupts when writing to flash; this is done automatically.
  flash [1] level 1: Flash write sans erase failed; retrying with erase.
-----------------------------------------
0:3 1:100 2:106
  flash [0] level 0: Must disable interrupts when writing to flash; this is done automatically.
  flash [1] level 1: Flash sector already contains matching data: skipping write operation.
Halting... (press RESET button to observe the last written CFG being kept intact in flash storage)






DueFlashStorage: basic flash read/write API usage example Z:\lib\tooling\qiqqa\MuPDF\thirdparty\owemdjee\DueFlashStorage\examples\DueFlashStorageExample\DueFlashStorageExample.ino


  flash [0] level 0: Must disable interrupts when writing to flash; this is done automatically.
  flash [1] level 1: Flash write sans erase failed; retrying with erase.
0:4 1:100 2:106
  flash [0] level 0: Must disable interrupts when writing to flash; this is done automatically.
  flash [1] level 1: Flash sector already contains matching data: skipping write operation.
-----------------------------------------
0:4 1:100 2:106
  flash [0] level 0: Must disable interrupts when writing to flash; this is done automatically.
  flash [1] level 1: Flash write sans erase failed; retrying with erase.
-----------------------------------------
0:4 1:100 2:107
  flash [0] level 0: Must disable interrupts when writing to flash; this is done automatically.
  flash [1] level 1: Flash sector already contains matching data: skipping write operation.
-----------------------------------------
0:4 1:100 2:107
  flash [0] level 0: Must disable interrupts when writing to flash; this is done automatically.
  flash [1] level 1: Flash write sans erase failed; retrying with erase.
-----------------------------------------
0:4 1:100 2:108
  flash [0] level 0: Must disable interrupts when writing to flash; this is done automatically.
  flash [1] level 1: Flash sector already contains matching data: skipping write operation.
Halting... (press RESET button to observe the last written CFG being kept intact in flash storage)

